
OpenSBI v0.6
   ____                    _____ ____ _____
  / __ \                  / ____|  _ \_   _|
 | |  | |_ __   ___ _ __ | (___ | |_) || |
 | |  | | '_ \ / _ \ '_ \ \___ \|  _ < | |
 | |__| | |_) |  __/ | | |____) | |_) || |_
  \____/| .__/ \___|_| |_|_____/|____/_____|
        | |
        |_|

Platform Name          : QEMU Virt Machine
Platform HART Features : RV64ACDFIMSU
Platform Max HARTs     : 8
Current Hart           : 0
Firmware Base          : 0x80000000
Firmware Size          : 120 KB
Runtime SBI Version    : 0.2

MIDELEG : 0x0000000000000222
MEDELEG : 0x000000000000b109
PMP0    : 0x0000000080000000-0x000000008001ffff (A)
PMP1    : 0x0000000000000000-0xffffffffffffffff (A,R,W,X)
[kernel] Hello, world!
heap_test passed!
last 689 Physical Frames.
FrameTracker:PPN=0x8054f
FrameTracker:PPN=0x80550
FrameTracker:PPN=0x80551
FrameTracker:PPN=0x80552
FrameTracker:PPN=0x80553
FrameTracker:PPN=0x80553
FrameTracker:PPN=0x80552
FrameTracker:PPN=0x80551
FrameTracker:PPN=0x80550
FrameTracker:PPN=0x8054f
frame_allocator_test passed!
before activate
.text [0x80200000, 0x8020a000)
.rodata [0x8020a000, 0x8020d000)
.data [0x8020d000, 0x8024e000)
.bss [0x8024e000, 0x8054f000)
mapping .text section
mapping .rodata section
mapping .data section
mapping .bss section
mapping physical memory
after activate
[kernel] back to world!
remap_test passed!
init TASK_MANAGER
num_app = 4
[kernel] trap_return: restore_va=0xfffffffffffff060, trap_cx_ptr=0xffffffffffffe000, user_satp=0x8000000000080556
[kernel] UserEnvCall: old sepc=0x2f4
[kernel] UserEnvCall: new sepc=0x2f8
Panicked at src/trap/mod.rs:100 a trap from kernel!
QEMU: Terminated
